======================== Opening output file
GEMGeometryAnalyzer: Analyzer...
start --------------------------------------------------------------------------------------------------------
 Geometry node for GEMGeom is  0x7f3069b4e100
 detTypes       	33
 GeomDetUnit       	33
 GeomDet           	41
 GeomDetUnit DetIds	33
 eta partitions 	33
 chambers       	4
 super chambers  	4
 rings  		3
 stations  		3
 regions  		2
 total number of strips	12438
 total number of pads  	6219
GEMGeometryAnalyzer: Begin iteration over geometry...
iter --------------------------------------------------------------------------------------------------------
GEMGeometryAnalyzerBegin GEMGeometry structure TEST
  GEMRegion -1 has 0 stations.
  GEMRegion 1 has 3 stations.
    GEMStation GE0 has 1 rings.
      GEMRing 1 0 1 has 1 super chambers.
        GEMSuperChamber 1, GEMDetId = 687865858,  Re 1 Ri 1 St 0 La 0 Ch 1 Et 0  has 1 chambers.
          GEMChamber 1, GEMDetId = 687882242,  Re 1 Ri 1 St 0 La 1 Ch 1 Et 0  has 8 eta partitions.
            GEMEtaPartition 1, GEMDetId = 688406530,  Re 1 Ri 1 St 0 La 1 Ch 1 Et 1 
    		Type: GHA001
    		Dimensions[cm]: b = 38.2931, B = 43.4985, h  = 14.7606
    		nStrips = 384, nPads =  192
    		top(x,y,z)[cm] = (-70.0372, 110, 2.66875e-15), top(eta,phi) = (2.04652e-17, 122)
    		center(x,y,z)[cm] = (-62.6569, 110, 2.21684e-15), center(eta,phi) = (1.75115e-17, 119)
    		bottom(x,y,z)[cm] = (-55.2766, 110, 1.76492e-15), bottom(eta,phi) = (1.43364e-17, 116)
    		pitch (top,center,bottom) = (0.113358, 0.106576, 0.0997929), dEta = 6.12882e-18, dPhi = 0
            GEMEtaPartition 2, GEMDetId = 688930818,  Re 1 Ri 1 St 0 La 1 Ch 1 Et 2 
    		Type: GHA002
    		Dimensions[cm]: b = 33.0701, B = 38.2755, h  = 14.7606
    		nStrips = 384, nPads =  192
    		top(x,y,z)[cm] = (-55.2266, 110, 1.76186e-15), top(eta,phi) = (1.43142e-17, 116)
    		center(x,y,z)[cm] = (-47.8463, 110, 1.30995e-15), center(eta,phi) = (1.09203e-17, 113)
    		bottom(x,y,z)[cm] = (-40.466, 110, 8.58037e-16), bottom(eta,phi) = (7.32069e-18, 110)
    		pitch (top,center,bottom) = (0.0997469, 0.0929643, 0.0861816), dEta = 6.99348e-18, dPhi = 0
            GEMEtaPartition 3, GEMDetId = 689455106,  Re 1 Ri 1 St 0 La 1 Ch 1 Et 3 
    		Type: GHA003
    		Dimensions[cm]: b = 28.9291, B = 33.0525, h  = 11.6926
    		nStrips = 384, nPads =  192
    		top(x,y,z)[cm] = (-40.416, 110, 8.54975e-16), top(eta,phi) = (7.29564e-18, 110)
    		center(x,y,z)[cm] = (-34.5697, 110, 4.96992e-16), center(eta,phi) = (4.31027e-18, 107)
    		bottom(x,y,z)[cm] = (-28.7234, 110, 1.3901e-16), bottom(eta,phi) = (1.22273e-18, 104)
    		pitch (top,center,bottom) = (0.0861356, 0.0807627, 0.0753898), dEta = 6.07292e-18, dPhi = 0
            GEMEtaPartition 4, GEMDetId = 689979394,  Re 1 Ri 1 St 0 La 1 Ch 1 Et 4 
    		Type: GHA004
    		Dimensions[cm]: b = 24.788, B = 28.9114, h  = 11.6926
    		nStrips = 384, nPads =  192
    		top(x,y,z)[cm] = (-28.6734, 110, 1.35948e-16), top(eta,phi) = (1.19593e-18, 104)
    		center(x,y,z)[cm] = (-22.8271, 110, -2.22035e-16), center(eta,phi) = (-1.97639e-18, 101)
    		bottom(x,y,z)[cm] = (-16.9808, 110, -5.80017e-16), bottom(eta,phi) = (-5.21116e-18, 98)
    		pitch (top,center,bottom) = (0.0753439, 0.069971, 0.0645981), dEta = 6.40709e-18, dPhi = 0
            GEMEtaPartition 5, GEMDetId = 690503682,  Re 1 Ri 1 St 0 La 1 Ch 1 Et 5 
    		Type: GHA005
    		Dimensions[cm]: b = 21.486, B = 24.7703, h  = 9.3132
    		nStrips = 384, nPads =  192
    		top(x,y,z)[cm] = (-16.9308, 110, -5.83079e-16), top(eta,phi) = (-5.23902e-18, 98)
    		center(x,y,z)[cm] = (-12.2742, 110, -8.68213e-16), center(eta,phi) = (-7.84417e-18, 96)
    		bottom(x,y,z)[cm] = (-7.6176, 110, -1.15335e-15), bottom(eta,phi) = (-1.04599e-17, 93)
    		pitch (top,center,bottom) = (0.0645521, 0.0602726, 0.0559931), dEta = 5.22091e-18, dPhi = 0
            GEMEtaPartition 6, GEMDetId = 691027970,  Re 1 Ri 1 St 0 La 1 Ch 1 Et 6 
    		Type: GHA006
    		Dimensions[cm]: b = 18.184, B = 21.4684, h  = 9.3132
    		nStrips = 384, nPads =  192
    		top(x,y,z)[cm] = (-7.5676, 110, -1.15641e-15), top(eta,phi) = (-1.0488e-17, 93)
    		center(x,y,z)[cm] = (-2.911, 110, -1.44154e-15), center(eta,phi) = (-1.31004e-17, 91)
    		bottom(x,y,z)[cm] = (1.7456, 110, -1.72668e-15), bottom(eta,phi) = (-1.56951e-17, 89)
    		pitch (top,center,bottom) = (0.0559471, 0.0516676, 0.0473881), dEta = 5.20708e-18, dPhi = 0
            GEMEtaPartition 7, GEMDetId = 691552258,  Re 1 Ri 1 St 0 La 1 Ch 1 Et 7 
    		Type: GHA007
    		Dimensions[cm]: b = 15.4712, B = 18.1664, h  = 7.6426
    		nStrips = 384, nPads =  192
    		top(x,y,z)[cm] = (1.7956, 110, -1.72974e-15), top(eta,phi) = (-1.57228e-17, 89)
    		center(x,y,z)[cm] = (5.6169, 110, -1.96373e-15), center(eta,phi) = (-1.78288e-17, 87)
    		bottom(x,y,z)[cm] = (9.4382, 110, -2.19771e-15), bottom(eta,phi) = (-1.99061e-17, 85)
    		pitch (top,center,bottom) = (0.0473421, 0.0438302, 0.0403184), dEta = 4.18327e-18, dPhi = 0
            GEMEtaPartition 8, GEMDetId = 692076546,  Re 1 Ri 1 St 0 La 1 Ch 1 Et 8 
    		Type: GHA008
    		Dimensions[cm]: b = 12.7584, B = 15.4536, h  = 7.6426
    		nStrips = 384, nPads =  192
    		top(x,y,z)[cm] = (9.4882, 110, -2.20078e-15), top(eta,phi) = (-1.9933e-17, 85)
    		center(x,y,z)[cm] = (13.3095, 110, -2.43476e-15), center(eta,phi) = (-2.19739e-17, 83)
    		bottom(x,y,z)[cm] = (17.1308, 110, -2.66875e-15), bottom(eta,phi) = (-2.39724e-17, 81)
    		pitch (top,center,bottom) = (0.0402724, 0.0367605, 0.0332487), dEta = 4.03936e-18, dPhi = 0
    GEMStation GE1/1 has 1 rings.
      GEMRing 1 1 1 has 2 super chambers.
        GEMSuperChamber 1, GEMDetId = 687866146,  Re 1 Ri 1 St 1 La 0 Ch 2 Et 0  has 1 chambers.
          GEMChamber 1, GEMDetId = 687882530,  Re 1 Ri 1 St 1 La 1 Ch 2 Et 0  has 4 eta partitions.
            GEMEtaPartition 1, GEMDetId = 688406818,  Re 1 Ri 1 St 1 La 1 Ch 2 Et 1 
    		Type: GHA111
    		Dimensions[cm]: b = 8.94998, B = 8.95002, h  = 8.95
    		nStrips = 358, nPads =  179
    		top(x,y,z)[cm] = (0, 10.1587, 4.475), top(eta,phi) = (0.427377, 90)
    		center(x,y,z)[cm] = (0, 10.1587, 0), center(eta,phi) = (0, 90)
    		bottom(x,y,z)[cm] = (0, 10.1587, -4.475), bottom(eta,phi) = (-0.427377, 90)
    		pitch (top,center,bottom) = (0.0250031, 0.0250031, 0.025003), dEta = 0.854755, dPhi = 312.447
            GEMEtaPartition 2, GEMDetId = 688931106,  Re 1 Ri 1 St 1 La 1 Ch 2 Et 2 
    		Type: GHA112
    		Dimensions[cm]: b = 8.94998, B = 8.95002, h  = 8.95
    		nStrips = 358, nPads =  179
    		top(x,y,z)[cm] = (4.475, 10.2587, 2.74015e-16), top(eta,phi) = (2.44824e-17, 66)
    		center(x,y,z)[cm] = (0, 10.2587, 0), center(eta,phi) = (0, 90)
    		bottom(x,y,z)[cm] = (-4.475, 10.2587, -2.74015e-16), bottom(eta,phi) = (-2.44824e-17, 113)
    		pitch (top,center,bottom) = (0.0250031, 0.0250031, 0.025003), dEta = 4.89649e-17, dPhi = 7.62939e-06
            GEMEtaPartition 3, GEMDetId = 689455394,  Re 1 Ri 1 St 1 La 1 Ch 2 Et 3 
    		Type: GHA113
    		Dimensions[cm]: b = 8.94998, B = 8.95002, h  = 8.95
    		nStrips = 358, nPads =  179
    		top(x,y,z)[cm] = (0, 80.2588, 4.475), top(eta,phi) = (0.0557283, 90)
    		center(x,y,z)[cm] = (0, 80.2588, 0), center(eta,phi) = (0, 90)
    		bottom(x,y,z)[cm] = (0, 80.2588, -4.475), bottom(eta,phi) = (-0.0557283, 90)
    		pitch (top,center,bottom) = (0.0250031, 0.0250031, 0.025003), dEta = 0.111457, dPhi = 353.617
            GEMEtaPartition 4, GEMDetId = 689979682,  Re 1 Ri 1 St 1 La 1 Ch 2 Et 4 
    		Type: GHA114
    		Dimensions[cm]: b = 8.94998, B = 8.95002, h  = 8.95
    		nStrips = 358, nPads =  179
    		top(x,y,z)[cm] = (4.475, 80.3587, 2.74015e-16), top(eta,phi) = (3.40462e-18, 86)
    		center(x,y,z)[cm] = (0, 80.3587, 0), center(eta,phi) = (0, 90)
    		bottom(x,y,z)[cm] = (-4.475, 80.3587, -2.74015e-16), bottom(eta,phi) = (-3.40462e-18, 93)
    		pitch (top,center,bottom) = (0.0250031, 0.0250031, 0.025003), dEta = 6.80924e-18, dPhi = 7.62939e-06
        GEMSuperChamber 2, GEMDetId = 687866658,  Re 1 Ri 1 St 1 La 0 Ch 4 Et 0  has 1 chambers.
          GEMChamber 1, GEMDetId = 687883042,  Re 1 Ri 1 St 1 La 1 Ch 4 Et 0  has 5 eta partitions.
            GEMEtaPartition 1, GEMDetId = 688407330,  Re 1 Ri 1 St 1 La 1 Ch 4 Et 1 
    		Type: GHA101
    		Dimensions[cm]: b = 8.94998, B = 8.95002, h  = 8.95
    		nStrips = 358, nPads =  179
    		top(x,y,z)[cm] = (0, 150.159, 4.475), top(eta,phi) = (0.0297974, 90)
    		center(x,y,z)[cm] = (0, 150.159, 0), center(eta,phi) = (0, 90)
    		bottom(x,y,z)[cm] = (0, 150.159, -4.475), bottom(eta,phi) = (-0.0297974, 90)
    		pitch (top,center,bottom) = (0.0250031, 0.0250031, 0.025003), dEta = 0.0595948, dPhi = 356.586
            GEMEtaPartition 2, GEMDetId = 688931618,  Re 1 Ri 1 St 1 La 1 Ch 4 Et 2 
    		Type: GHA102
    		Dimensions[cm]: b = 8.94998, B = 8.95002, h  = 8.95
    		nStrips = 358, nPads =  179
    		top(x,y,z)[cm] = (4.475, 150.259, 2.74015e-16), top(eta,phi) = (1.82281e-18, 88)
    		center(x,y,z)[cm] = (0, 150.259, 0), center(eta,phi) = (0, 90)
    		bottom(x,y,z)[cm] = (-4.475, 150.259, -2.74015e-16), bottom(eta,phi) = (-1.82281e-18, 91)
    		pitch (top,center,bottom) = (0.0250031, 0.0250031, 0.025003), dEta = 3.64562e-18, dPhi = 7.62939e-06
            GEMEtaPartition 3, GEMDetId = 689455906,  Re 1 Ri 1 St 1 La 1 Ch 4 Et 3 
    		Type: GHA103
    		Dimensions[cm]: b = 8.94998, B = 8.95002, h  = 8.95
    		nStrips = 358, nPads =  179
    		top(x,y,z)[cm] = (0, 220.259, 4.475), top(eta,phi) = (0.0203156, 90)
    		center(x,y,z)[cm] = (0, 220.259, 0), center(eta,phi) = (0, 90)
    		bottom(x,y,z)[cm] = (0, 220.259, -4.475), bottom(eta,phi) = (-0.0203156, 90)
    		pitch (top,center,bottom) = (0.0250031, 0.0250031, 0.025003), dEta = 0.0406312, dPhi = 357.672
            GEMEtaPartition 4, GEMDetId = 689980194,  Re 1 Ri 1 St 1 La 1 Ch 4 Et 4 
    		Type: GHA104
    		Dimensions[cm]: b = 8.94998, B = 8.95002, h  = 8.95
    		nStrips = 358, nPads =  179
    		top(x,y,z)[cm] = (4.475, 220.359, 2.74015e-16), top(eta,phi) = (1.24324e-18, 88)
    		center(x,y,z)[cm] = (0, 220.359, 0), center(eta,phi) = (0, 90)
    		bottom(x,y,z)[cm] = (-4.475, 220.359, -2.74015e-16), bottom(eta,phi) = (-1.24324e-18, 91)
    		pitch (top,center,bottom) = (0.0250031, 0.0250031, 0.025003), dEta = 2.48647e-18, dPhi = 7.62939e-06
            GEMEtaPartition 5, GEMDetId = 690504482,  Re 1 Ri 1 St 1 La 1 Ch 4 Et 5 
    		Type: GHA105
    		Dimensions[cm]: b = 14.32, B = 14.32, h  = 8.95
    		nStrips = 358, nPads =  179
    		top(x,y,z)[cm] = (0, 140.259, 4.475), top(eta,phi) = (0.0318999, 90)
    		center(x,y,z)[cm] = (0, 140.259, 0), center(eta,phi) = (0, 90)
    		bottom(x,y,z)[cm] = (0, 140.259, -4.475), bottom(eta,phi) = (-0.0318999, 90)
    		pitch (top,center,bottom) = (0.040005, 0.040005, 0.0400049), dEta = 0.0637998, dPhi = 354.155
    GEMStation GE2/1 has 1 rings.
      GEMRing 1 2 1 has 1 super chambers.
        GEMSuperChamber 1, GEMDetId = 687865922,  Re 1 Ri 1 St 2 La 0 Ch 1 Et 0  has 1 chambers.
          GEMChamber 1, GEMDetId = 687882306,  Re 1 Ri 1 St 2 La 1 Ch 1 Et 0  has 16 eta partitions.
            GEMEtaPartition 1, GEMDetId = 688406594,  Re 1 Ri 1 St 2 La 1 Ch 1 Et 1 
    		Type: GHA221
    		Dimensions[cm]: b = 113.071, B = 117.396, h  = 11.7775
    		nStrips = 384, nPads =  192
    		top(x,y,z)[cm] = (-16.1233, 119.549, 163.595), top(eta,phi) = (1.11223, 97)
    		center(x,y,z)[cm] = (-16.1233, 119.549, 157.706), center(eta,phi) = (1.08292, 97)
    		bottom(x,y,z)[cm] = (-16.1233, 119.549, 151.818), bottom(eta,phi) = (1.05291, 97)
    		pitch (top,center,bottom) = (0.294957, 0.289523, 0.28409), dEta = 0.0593246, dPhi = 310.312
            GEMEtaPartition 2, GEMDetId = 688930882,  Re 1 Ri 1 St 2 La 1 Ch 1 Et 2 
    		Type: GHA222
    		Dimensions[cm]: b = 108.739, B = 113.064, h  = 11.7775
    		nStrips = 384, nPads =  192
    		top(x,y,z)[cm] = (-16.1233, 119.549, 151.798), top(eta,phi) = (1.05281, 97)
    		center(x,y,z)[cm] = (-16.1233, 119.549, 145.909), center(eta,phi) = (1.02207, 97)
    		bottom(x,y,z)[cm] = (-16.1233, 119.549, 140.02), bottom(eta,phi) = (0.990587, 97)
    		pitch (top,center,bottom) = (0.284071, 0.278638, 0.273204), dEta = 0.062218, dPhi = 311.974
            GEMEtaPartition 3, GEMDetId = 689455170,  Re 1 Ri 1 St 2 La 1 Ch 1 Et 3 
    		Type: GHA223
    		Dimensions[cm]: b = 104.407, B = 108.732, h  = 11.7775
    		nStrips = 384, nPads =  192
    		top(x,y,z)[cm] = (-16.1233, 119.549, 140), top(eta,phi) = (0.990479, 97)
    		center(x,y,z)[cm] = (-16.1233, 119.549, 134.111), center(eta,phi) = (0.958226, 97)
    		bottom(x,y,z)[cm] = (-16.1233, 119.549, 128.223), bottom(eta,phi) = (0.92518, 97)
    		pitch (top,center,bottom) = (0.273186, 0.267753, 0.26232), dEta = 0.0652996, dPhi = 313.657
            GEMEtaPartition 4, GEMDetId = 689979458,  Re 1 Ri 1 St 2 La 1 Ch 1 Et 4 
    		Type: GHA224
    		Dimensions[cm]: b = 100.074, B = 104.399, h  = 11.7775
    		nStrips = 384, nPads =  192
    		top(x,y,z)[cm] = (-16.1233, 119.549, 128.202), top(eta,phi) = (0.925066, 97)
    		center(x,y,z)[cm] = (-16.1233, 119.549, 122.314), center(eta,phi) = (0.891202, 97)
    		bottom(x,y,z)[cm] = (-16.1233, 119.549, 116.425), bottom(eta,phi) = (0.856502, 97)
    		pitch (top,center,bottom) = (0.262301, 0.256868, 0.251434), dEta = 0.0685636, dPhi = 315.36
            GEMEtaPartition 5, GEMDetId = 690503746,  Re 1 Ri 1 St 2 La 1 Ch 1 Et 5 
    		Type: GHA225
    		Dimensions[cm]: b = 94.4454, B = 98.7705, h  = 11.7775
    		nStrips = 384, nPads =  192
    		top(x,y,z)[cm] = (-16.1233, 119.549, 112.875), top(eta,phi) = (0.835171, 97)
    		center(x,y,z)[cm] = (-16.1233, 119.549, 106.986), center(eta,phi) = (0.799089, 97)
    		bottom(x,y,z)[cm] = (-16.1233, 119.549, 101.098), bottom(eta,phi) = (0.762122, 97)
    		pitch (top,center,bottom) = (0.248159, 0.242725, 0.237292), dEta = 0.0730491, dPhi = 317.604
            GEMEtaPartition 6, GEMDetId = 691028034,  Re 1 Ri 1 St 2 La 1 Ch 1 Et 6 
    		Type: GHA226
    		Dimensions[cm]: b = 90.113, B = 94.4381, h  = 11.7775
    		nStrips = 384, nPads =  192
    		top(x,y,z)[cm] = (-16.1233, 119.549, 101.077), top(eta,phi) = (0.761995, 97)
    		center(x,y,z)[cm] = (-16.1233, 119.549, 95.1888), center(eta,phi) = (0.724126, 97)
    		bottom(x,y,z)[cm] = (-16.1233, 119.549, 89.3), bottom(eta,phi) = (0.685348, 97)
    		pitch (top,center,bottom) = (0.237274, 0.23184, 0.226407), dEta = 0.076647, dPhi = 319.353
            GEMEtaPartition 7, GEMDetId = 691552322,  Re 1 Ri 1 St 2 La 1 Ch 1 Et 7 
    		Type: GHA227
    		Dimensions[cm]: b = 85.7806, B = 90.1057, h  = 11.7775
    		nStrips = 384, nPads =  192
    		top(x,y,z)[cm] = (-16.1233, 119.549, 89.28), top(eta,phi) = (0.685214, 97)
    		center(x,y,z)[cm] = (-16.1233, 119.549, 83.3913), center(eta,phi) = (0.645518, 97)
    		bottom(x,y,z)[cm] = (-16.1233, 119.549, 77.5025), bottom(eta,phi) = (0.604904, 97)
    		pitch (top,center,bottom) = (0.226389, 0.220955, 0.215522), dEta = 0.0803101, dPhi = 321.122
            GEMEtaPartition 8, GEMDetId = 692076610,  Re 1 Ri 1 St 2 La 1 Ch 1 Et 8 
    		Type: GHA228
    		Dimensions[cm]: b = 81.4482, B = 85.7732, h  = 11.7775
    		nStrips = 384, nPads =  192
    		top(x,y,z)[cm] = (-16.1233, 119.549, 77.4825), top(eta,phi) = (0.604765, 97)
    		center(x,y,z)[cm] = (-16.1233, 119.549, 71.5938), center(eta,phi) = (0.563237, 97)
    		bottom(x,y,z)[cm] = (-16.1233, 119.549, 65.705), bottom(eta,phi) = (0.520811, 97)
    		pitch (top,center,bottom) = (0.215503, 0.21007, 0.204637), dEta = 0.0839537, dPhi = 322.909
            GEMEtaPartition 9, GEMDetId = 692600898,  Re 1 Ri 1 St 2 La 1 Ch 1 Et 9 
    		Type: GHA229
    		Dimensions[cm]: b = 76.5631, B = 80.1445, h  = 9.7525
    		nStrips = 384, nPads =  192
    		top(x,y,z)[cm] = (-16.1233, 119.549, 62.155), top(eta,phi) = (0.494809, 97)
    		center(x,y,z)[cm] = (-16.1233, 119.549, 57.2788), center(eta,phi) = (0.458583, 97)
    		bottom(x,y,z)[cm] = (-16.1233, 119.549, 52.4025), bottom(eta,phi) = (0.421785, 97)
    		pitch (top,center,bottom) = (0.201362, 0.196862, 0.192363), dEta = 0.0730237, dPhi = 325.102
            GEMEtaPartition 10, GEMDetId = 693125186,  Re 1 Ri 1 St 2 La 1 Ch 1 Et 10 
    		Type: GHA230
    		Dimensions[cm]: b = 72.9743, B = 76.5557, h  = 9.7525
    		nStrips = 384, nPads =  192
    		top(x,y,z)[cm] = (-16.1233, 119.549, 52.3825), top(eta,phi) = (0.421633, 97)
    		center(x,y,z)[cm] = (-16.1233, 119.549, 47.5062), center(eta,phi) = (0.384286, 97)
    		bottom(x,y,z)[cm] = (-16.1233, 119.549, 42.63), bottom(eta,phi) = (0.346421, 97)
    		pitch (top,center,bottom) = (0.192345, 0.187846, 0.183347), dEta = 0.0752121, dPhi = 326.614
            GEMEtaPartition 11, GEMDetId = 693649474,  Re 1 Ri 1 St 2 La 1 Ch 1 Et 11 
    		Type: GHA231
    		Dimensions[cm]: b = 69.3856, B = 72.967, h  = 9.7525
    		nStrips = 384, nPads =  192
    		top(x,y,z)[cm] = (-16.1233, 119.549, 42.61), top(eta,phi) = (0.346265, 97)
    		center(x,y,z)[cm] = (-16.1233, 119.549, 37.7337), center(eta,phi) = (0.307914, 97)
    		bottom(x,y,z)[cm] = (-16.1233, 119.549, 32.8575), bottom(eta,phi) = (0.26912, 97)
    		pitch (top,center,bottom) = (0.183328, 0.178829, 0.17433), dEta = 0.0771449, dPhi = 328.137
            GEMEtaPartition 12, GEMDetId = 694173762,  Re 1 Ri 1 St 2 La 1 Ch 1 Et 12 
    		Type: GHA232
    		Dimensions[cm]: b = 65.7968, B = 69.3782, h  = 9.7525
    		nStrips = 384, nPads =  192
    		top(x,y,z)[cm] = (-16.1233, 119.549, 32.8375), top(eta,phi) = (0.26896, 97)
    		center(x,y,z)[cm] = (-16.1233, 119.549, 27.9613), center(eta,phi) = (0.229764, 97)
    		bottom(x,y,z)[cm] = (-16.1233, 119.549, 23.085), bottom(eta,phi) = (0.190219, 97)
    		pitch (top,center,bottom) = (0.174311, 0.169812, 0.165313), dEta = 0.0787404, dPhi = 329.671
            GEMEtaPartition 13, GEMDetId = 694698050,  Re 1 Ri 1 St 2 La 1 Ch 1 Et 13 
    		Type: GHA233
    		Dimensions[cm]: b = 60.9117, B = 64.4931, h  = 9.7525
    		nStrips = 384, nPads =  192
    		top(x,y,z)[cm] = (-16.1233, 119.549, 19.535), top(eta,phi) = (0.16124, 97)
    		center(x,y,z)[cm] = (-16.1233, 119.549, 14.6587), center(eta,phi) = (0.12122, 97)
    		bottom(x,y,z)[cm] = (-16.1233, 119.549, 9.7825), bottom(eta,phi) = (0.0810057, 97)
    		pitch (top,center,bottom) = (0.162038, 0.157539, 0.153039), dEta = 0.0802347, dPhi = 331.777
            GEMEtaPartition 14, GEMDetId = 695222338,  Re 1 Ri 1 St 2 La 1 Ch 1 Et 14 
    		Type: GHA234
    		Dimensions[cm]: b = 57.3229, B = 60.9044, h  = 9.7525
    		nStrips = 384, nPads =  192
    		top(x,y,z)[cm] = (-16.1233, 119.549, 9.7625), top(eta,phi) = (0.0808405, 97)
    		center(x,y,z)[cm] = (-16.1233, 119.549, 4.88625), center(eta,phi) = (0.0404947, 97)
    		bottom(x,y,z)[cm] = (-16.1233, 119.549, 0.0100002), bottom(eta,phi) = (8.28992e-05, 97)
    		pitch (top,center,bottom) = (0.153021, 0.148522, 0.144023), dEta = 0.0807576, dPhi = 333.336
            GEMEtaPartition 15, GEMDetId = 695746626,  Re 1 Ri 1 St 2 La 1 Ch 1 Et 15 
    		Type: GHA235
    		Dimensions[cm]: b = 53.7342, B = 57.3156, h  = 9.7525
    		nStrips = 384, nPads =  192
    		top(x,y,z)[cm] = (-16.1233, 119.549, -0.0100002), top(eta,phi) = (-8.28992e-05, 97)
    		center(x,y,z)[cm] = (-16.1233, 119.549, -4.88625), center(eta,phi) = (-0.0404947, 97)
    		bottom(x,y,z)[cm] = (-16.1233, 119.549, -9.7625), bottom(eta,phi) = (-0.0808405, 97)
    		pitch (top,center,bottom) = (0.144004, 0.139505, 0.135006), dEta = 0.0807576, dPhi = 334.904
            GEMEtaPartition 16, GEMDetId = 696270914,  Re 1 Ri 1 St 2 La 1 Ch 1 Et 16 
    		Type: GHA236
    		Dimensions[cm]: b = 50.1454, B = 53.7268, h  = 9.7525
    		nStrips = 384, nPads =  192
    		top(x,y,z)[cm] = (-16.1233, 119.549, -9.7825), top(eta,phi) = (-0.0810057, 97)
    		center(x,y,z)[cm] = (-16.1233, 119.549, -14.6587), center(eta,phi) = (-0.12122, 97)
    		bottom(x,y,z)[cm] = (-16.1233, 119.549, -19.535), bottom(eta,phi) = (-0.16124, 97)
    		pitch (top,center,bottom) = (0.134988, 0.130488, 0.125989), dEta = 0.0802347, dPhi = 336.482
-------------------------------------------------------------------------------------------------------- end
